

================================================================
== Vivado HLS Report for 'filt_Resize'
================================================================
* Date:           Fri Aug 26 09:20:24 2016

* Version:        2016.2 (Build 1577090 on Thu Jun 02 16:59:10 MDT 2016)
* Project:        filt_hls_proj
* Solution:       solution1
* Product family: zynq
* Target device:  xc7z010clg400-1


================================================================
== Performance Estimates
================================================================
+ Timing (ns): 
    * Summary: 
    +--------+-------+----------+------------+
    |  Clock | Target| Estimated| Uncertainty|
    +--------+-------+----------+------------+
    |ap_clk  |  20.00|     16.96|        2.50|
    +--------+-------+----------+------------+

+ Latency (clock cycles): 
    * Summary: 
    +-----+--------+-----+--------+---------+
    |    Latency   |   Interval   | Pipeline|
    | min |   max  | min |   max  |   Type  |
    +-----+--------+-----+--------+---------+
    |   46|  324721|   46|  324721|   none  |
    +-----+--------+-----+--------+---------+

    + Detail: 
        * Instance: 
        N/A

        * Loop: 
        N/A

============================================================
+ Verbose Summary: Synthesis Manager
============================================================
InlineROM: 1
ExposeGlobal: 0
============================================================
+ Verbose Summary: CDFG Model
============================================================
IsTopModel: 0
ResetActiveHigh: 1
IsCombinational: 2
IsDatapathOnly: 0
HasWiredReturn: 1
HasMFsm: 0
HasVarLatency: 1
IsPipeline: 0
IsRtlPipelined: 0
IsInstanceOverlapped: 0
IsDontTouch: 0
HasImplIP: 0
IsGatedGlobalClock: 0


============================================================
+ Verbose Summary: Schedule
============================================================
* Number of FSM states: 2
* Pipeline: 0
* Dataflow Pipeline: 0

* FSM state transitions: 
1 --> 
	2  / true
2 --> 
* FSM state operations: 

 <State 1>: 9.26ns
ST_1: p_dst_rows_V_read [1/1] 4.63ns
entry:10  %p_dst_rows_V_read = call i10 @_ssdm_op_Read.ap_fifo.i10P(i10* %p_dst_rows_V)

ST_1: p_dst_cols_V_read [1/1] 4.63ns
entry:11  %p_dst_cols_V_read = call i11 @_ssdm_op_Read.ap_fifo.i11P(i11* %p_dst_cols_V)

ST_1: stg_5 [1/1] 4.63ns
entry:13  call void @_ssdm_op_Write.ap_fifo.i10P(i10* %p_dst_rows_V_out, i10 %p_dst_rows_V_read)

ST_1: stg_6 [1/1] 4.63ns
entry:15  call void @_ssdm_op_Write.ap_fifo.i11P(i11* %p_dst_cols_V_out, i11 %p_dst_cols_V_read)

ST_1: stg_7 [2/2] 3.48ns
entry:16  call fastcc void @filt_Resize_opr_linear(i8* %p_src_data_stream_0_V, i8* %p_src_data_stream_1_V, i8* %p_src_data_stream_2_V, i8* %p_src_data_stream_3_V, i10 %p_dst_rows_V_read, i11 %p_dst_cols_V_read, i8* %p_dst_data_stream_0_V, i8* %p_dst_data_stream_1_V, i8* %p_dst_data_stream_2_V, i8* %p_dst_data_stream_3_V)


 <State 2>: 0.00ns
ST_2: stg_8 [1/1] 0.00ns
entry:0  call void (...)* @_ssdm_op_SpecInterface(i8* %p_dst_data_stream_3_V, [8 x i8]* @ap_fifo_str, i32 0, i32 0, i32 0, i32 0, [1 x i8]* @p_str, [1 x i8]* @p_str, [1 x i8]* @p_str, i32 2, i32 2, i32 16, i32 16, [1 x i8]* @p_str)

ST_2: stg_9 [1/1] 0.00ns
entry:1  call void (...)* @_ssdm_op_SpecInterface(i8* %p_dst_data_stream_2_V, [8 x i8]* @ap_fifo_str, i32 0, i32 0, i32 0, i32 0, [1 x i8]* @p_str, [1 x i8]* @p_str, [1 x i8]* @p_str, i32 2, i32 2, i32 16, i32 16, [1 x i8]* @p_str)

ST_2: stg_10 [1/1] 0.00ns
entry:2  call void (...)* @_ssdm_op_SpecInterface(i8* %p_dst_data_stream_1_V, [8 x i8]* @ap_fifo_str, i32 0, i32 0, i32 0, i32 0, [1 x i8]* @p_str, [1 x i8]* @p_str, [1 x i8]* @p_str, i32 2, i32 2, i32 16, i32 16, [1 x i8]* @p_str)

ST_2: stg_11 [1/1] 0.00ns
entry:3  call void (...)* @_ssdm_op_SpecInterface(i8* %p_dst_data_stream_0_V, [8 x i8]* @ap_fifo_str, i32 0, i32 0, i32 0, i32 0, [1 x i8]* @p_str, [1 x i8]* @p_str, [1 x i8]* @p_str, i32 2, i32 2, i32 16, i32 16, [1 x i8]* @p_str)

ST_2: stg_12 [1/1] 0.00ns
entry:4  call void (...)* @_ssdm_op_SpecInterface(i8* %p_src_data_stream_3_V, [8 x i8]* @ap_fifo_str, i32 0, i32 0, i32 0, i32 0, [1 x i8]* @p_str, [1 x i8]* @p_str, [1 x i8]* @p_str, i32 2, i32 2, i32 16, i32 16, [1 x i8]* @p_str)

ST_2: stg_13 [1/1] 0.00ns
entry:5  call void (...)* @_ssdm_op_SpecInterface(i8* %p_src_data_stream_2_V, [8 x i8]* @ap_fifo_str, i32 0, i32 0, i32 0, i32 0, [1 x i8]* @p_str, [1 x i8]* @p_str, [1 x i8]* @p_str, i32 2, i32 2, i32 16, i32 16, [1 x i8]* @p_str)

ST_2: stg_14 [1/1] 0.00ns
entry:6  call void (...)* @_ssdm_op_SpecInterface(i8* %p_src_data_stream_1_V, [8 x i8]* @ap_fifo_str, i32 0, i32 0, i32 0, i32 0, [1 x i8]* @p_str, [1 x i8]* @p_str, [1 x i8]* @p_str, i32 2, i32 2, i32 16, i32 16, [1 x i8]* @p_str)

ST_2: stg_15 [1/1] 0.00ns
entry:7  call void (...)* @_ssdm_op_SpecInterface(i8* %p_src_data_stream_0_V, [8 x i8]* @ap_fifo_str, i32 0, i32 0, i32 0, i32 0, [1 x i8]* @p_str, [1 x i8]* @p_str, [1 x i8]* @p_str, i32 2, i32 2, i32 16, i32 16, [1 x i8]* @p_str)

ST_2: stg_16 [1/1] 0.00ns
entry:8  call void (...)* @_ssdm_op_SpecInterface(i11* %p_dst_cols_V, [8 x i8]* @ap_fifo_str, i32 0, i32 0, i32 0, i32 0, [1 x i8]* @p_str, [1 x i8]* @p_str, [1 x i8]* @p_str, i32 2, i32 2, i32 16, i32 16, [1 x i8]* @p_str)

ST_2: stg_17 [1/1] 0.00ns
entry:9  call void (...)* @_ssdm_op_SpecInterface(i10* %p_dst_rows_V, [8 x i8]* @ap_fifo_str, i32 0, i32 0, i32 0, i32 0, [1 x i8]* @p_str, [1 x i8]* @p_str, [1 x i8]* @p_str, i32 2, i32 2, i32 16, i32 16, [1 x i8]* @p_str)

ST_2: stg_18 [1/1] 0.00ns
entry:12  call void (...)* @_ssdm_op_SpecInterface(i10* %p_dst_rows_V_out, [8 x i8]* @ap_fifo_str, i32 0, i32 0, i32 0, i32 0, [1 x i8]* @p_str, [1 x i8]* @p_str, [1 x i8]* @p_str, i32 2, i32 2, i32 16, i32 16, [1 x i8]* @p_str)

ST_2: stg_19 [1/1] 0.00ns
entry:14  call void (...)* @_ssdm_op_SpecInterface(i11* %p_dst_cols_V_out, [8 x i8]* @ap_fifo_str, i32 0, i32 0, i32 0, i32 0, [1 x i8]* @p_str, [1 x i8]* @p_str, [1 x i8]* @p_str, i32 2, i32 2, i32 16, i32 16, [1 x i8]* @p_str)

ST_2: stg_20 [1/2] 0.00ns
entry:16  call fastcc void @filt_Resize_opr_linear(i8* %p_src_data_stream_0_V, i8* %p_src_data_stream_1_V, i8* %p_src_data_stream_2_V, i8* %p_src_data_stream_3_V, i10 %p_dst_rows_V_read, i11 %p_dst_cols_V_read, i8* %p_dst_data_stream_0_V, i8* %p_dst_data_stream_1_V, i8* %p_dst_data_stream_2_V, i8* %p_dst_data_stream_3_V)

ST_2: stg_21 [1/1] 0.00ns
entry:17  ret void



============================================================
+ Verbose Summary: Timing violations
============================================================
Target clock period: 20ns, clock uncertainty: 2.5ns.

 No timing violations. 


============================================================
+ Verbose Summary: Binding
============================================================
N/A
* FSMD analyzer results:
  - Output states:
 - Input state : 
  - Chain level:
	State 1
	State 2


============================================================
+ Verbose Summary: Datapath Resource usage 
============================================================
N/A
