

================================================================
== Vivado HLS Report for 'filt_Mat2AXIvideo'
================================================================
* Date:           Fri Aug 26 09:20:25 2016

* Version:        2016.2 (Build 1577090 on Thu Jun 02 16:59:10 MDT 2016)
* Project:        filt_hls_proj
* Solution:       solution1
* Product family: zynq
* Target device:  xc7z010clg400-1


================================================================
== Performance Estimates
================================================================
+ Timing (ns): 
    * Summary: 
    +--------+-------+----------+------------+
    |  Clock | Target| Estimated| Uncertainty|
    +--------+-------+----------+------------+
    |ap_clk  |  20.00|      6.47|        2.50|
    +--------+-------+----------+------------+

+ Latency (clock cycles): 
    * Summary: 
    +-----+--------+-----+--------+---------+
    |    Latency   |   Interval   | Pipeline|
    | min |   max  | min |   max  |   Type  |
    +-----+--------+-----+--------+---------+
    |    1|  308641|    1|  308641|   none  |
    +-----+--------+-----+--------+---------+

    + Detail: 
        * Instance: 
        N/A

        * Loop: 
        +---------------+-----+--------+----------+-----------+-----------+---------+----------+
        |               |    Latency   | Iteration|  Initiation Interval  |   Trip  |          |
        |   Loop Name   | min |   max  |  Latency |  achieved |   target  |  Count  | Pipelined|
        +---------------+-----+--------+----------+-----------+-----------+---------+----------+
        |- loop_height  |    0|  308640|  3 ~ 643 |          -|          -| 0 ~ 480 |    no    |
        | + loop_width  |    0|     640|         2|          1|          1| 0 ~ 640 |    yes   |
        +---------------+-----+--------+----------+-----------+-----------+---------+----------+

============================================================
+ Verbose Summary: Synthesis Manager
============================================================
InlineROM: 1
ExposeGlobal: 0
============================================================
+ Verbose Summary: CDFG Model
============================================================
IsTopModel: 0
ResetActiveHigh: 1
IsCombinational: 2
IsDatapathOnly: 0
HasWiredReturn: 1
HasMFsm: 0
HasVarLatency: 1
IsPipeline: 0
IsRtlPipelined: 0
IsInstanceOverlapped: 0
IsDontTouch: 0
HasImplIP: 0
IsGatedGlobalClock: 0

+ Individual pipeline summary: 
  * Pipeline-0: initiation interval (II) = 1, depth = 2


============================================================
+ Verbose Summary: Schedule
============================================================
* Number of FSM states: 5
* Pipeline: 1
  Pipeline-0: II = 1, D = 2, States = { 3 4 }
* Dataflow Pipeline: 0

* FSM state transitions: 
1 --> 
	2  / true
2 --> 
	3  / (!exitcond4_i)
3 --> 
	5  / (exitcond5_i)
	4  / (!exitcond5_i)
4 --> 
	3  / true
5 --> 
	2  / true
* FSM state operations: 

 <State 1>: 6.47ns
ST_1: tmp_user_V [1/1] 0.00ns
entry:0  %tmp_user_V = alloca i1

ST_1: stg_7 [1/1] 0.00ns
entry:1  call void (...)* @_ssdm_op_SpecInterface(i8* %img_data_stream_3_V, [8 x i8]* @ap_fifo_str, i32 0, i32 0, i32 0, i32 0, [1 x i8]* @p_str, [1 x i8]* @p_str, [1 x i8]* @p_str, i32 2, i32 2, i32 16, i32 16, [1 x i8]* @p_str)

ST_1: stg_8 [1/1] 0.00ns
entry:2  call void (...)* @_ssdm_op_SpecInterface(i8* %img_data_stream_2_V, [8 x i8]* @ap_fifo_str, i32 0, i32 0, i32 0, i32 0, [1 x i8]* @p_str, [1 x i8]* @p_str, [1 x i8]* @p_str, i32 2, i32 2, i32 16, i32 16, [1 x i8]* @p_str)

ST_1: stg_9 [1/1] 0.00ns
entry:3  call void (...)* @_ssdm_op_SpecInterface(i8* %img_data_stream_1_V, [8 x i8]* @ap_fifo_str, i32 0, i32 0, i32 0, i32 0, [1 x i8]* @p_str, [1 x i8]* @p_str, [1 x i8]* @p_str, i32 2, i32 2, i32 16, i32 16, [1 x i8]* @p_str)

ST_1: stg_10 [1/1] 0.00ns
entry:4  call void (...)* @_ssdm_op_SpecInterface(i8* %img_data_stream_0_V, [8 x i8]* @ap_fifo_str, i32 0, i32 0, i32 0, i32 0, [1 x i8]* @p_str, [1 x i8]* @p_str, [1 x i8]* @p_str, i32 2, i32 2, i32 16, i32 16, [1 x i8]* @p_str)

ST_1: stg_11 [1/1] 0.00ns
entry:5  call void (...)* @_ssdm_op_SpecInterface(i32* %AXI_video_strm_V_data_V, i4* %AXI_video_strm_V_keep_V, i4* %AXI_video_strm_V_strb_V, i1* %AXI_video_strm_V_user_V, i1* %AXI_video_strm_V_last_V, i1* %AXI_video_strm_V_id_V, i1* %AXI_video_strm_V_dest_V, [5 x i8]* @p_str1805, i32 0, i32 0, i32 0, i32 0, [14 x i8]* @p_str1808, [1 x i8]* @p_str1807, [1 x i8]* @p_str1807, i32 0, i32 0, i32 0, i32 0, [1 x i8]* @p_str1807) nounwind

ST_1: stg_12 [1/1] 0.00ns
entry:6  call void (...)* @_ssdm_op_SpecInterface(i32* %AXI_video_strm_V_data_V, i4* %AXI_video_strm_V_keep_V, i4* %AXI_video_strm_V_strb_V, i1* %AXI_video_strm_V_user_V, i1* %AXI_video_strm_V_last_V, i1* %AXI_video_strm_V_id_V, i1* %AXI_video_strm_V_dest_V, [5 x i8]* @p_str1805, i32 0, i32 0, i32 0, i32 0, [14 x i8]* @p_str1808, [1 x i8]* @p_str1807, [1 x i8]* @p_str1807, i32 0, i32 0, i32 0, i32 0, [1 x i8]* @p_str1807) nounwind

ST_1: stg_13 [1/1] 0.00ns
entry:7  call void (...)* @_ssdm_op_SpecInterface(i32* %AXI_video_strm_V_data_V, i4* %AXI_video_strm_V_keep_V, i4* %AXI_video_strm_V_strb_V, i1* %AXI_video_strm_V_user_V, i1* %AXI_video_strm_V_last_V, i1* %AXI_video_strm_V_id_V, i1* %AXI_video_strm_V_dest_V, [5 x i8]* @p_str1805, i32 0, i32 0, i32 0, i32 0, [14 x i8]* @p_str1808, [1 x i8]* @p_str1807, [1 x i8]* @p_str1807, i32 0, i32 0, i32 0, i32 0, [1 x i8]* @p_str1807) nounwind

ST_1: stg_14 [1/1] 0.00ns
entry:8  call void (...)* @_ssdm_op_SpecInterface(i32* %AXI_video_strm_V_data_V, i4* %AXI_video_strm_V_keep_V, i4* %AXI_video_strm_V_strb_V, i1* %AXI_video_strm_V_user_V, i1* %AXI_video_strm_V_last_V, i1* %AXI_video_strm_V_id_V, i1* %AXI_video_strm_V_dest_V, [5 x i8]* @p_str1805, i32 0, i32 0, i32 0, i32 0, [14 x i8]* @p_str1808, [1 x i8]* @p_str1807, [1 x i8]* @p_str1807, i32 0, i32 0, i32 0, i32 0, [1 x i8]* @p_str1807) nounwind

ST_1: stg_15 [1/1] 0.00ns
entry:9  call void (...)* @_ssdm_op_SpecInterface(i32* %AXI_video_strm_V_data_V, i4* %AXI_video_strm_V_keep_V, i4* %AXI_video_strm_V_strb_V, i1* %AXI_video_strm_V_user_V, i1* %AXI_video_strm_V_last_V, i1* %AXI_video_strm_V_id_V, i1* %AXI_video_strm_V_dest_V, [5 x i8]* @p_str1805, i32 0, i32 0, i32 0, i32 0, [14 x i8]* @p_str1808, [1 x i8]* @p_str1807, [1 x i8]* @p_str1807, i32 0, i32 0, i32 0, i32 0, [1 x i8]* @p_str1807) nounwind

ST_1: stg_16 [1/1] 0.00ns
entry:10  call void (...)* @_ssdm_op_SpecInterface(i32* %AXI_video_strm_V_data_V, i4* %AXI_video_strm_V_keep_V, i4* %AXI_video_strm_V_strb_V, i1* %AXI_video_strm_V_user_V, i1* %AXI_video_strm_V_last_V, i1* %AXI_video_strm_V_id_V, i1* %AXI_video_strm_V_dest_V, [5 x i8]* @p_str1805, i32 0, i32 0, i32 0, i32 0, [14 x i8]* @p_str1808, [1 x i8]* @p_str1807, [1 x i8]* @p_str1807, i32 0, i32 0, i32 0, i32 0, [1 x i8]* @p_str1807) nounwind

ST_1: stg_17 [1/1] 0.00ns
entry:11  call void (...)* @_ssdm_op_SpecInterface(i32* %AXI_video_strm_V_data_V, i4* %AXI_video_strm_V_keep_V, i4* %AXI_video_strm_V_strb_V, i1* %AXI_video_strm_V_user_V, i1* %AXI_video_strm_V_last_V, i1* %AXI_video_strm_V_id_V, i1* %AXI_video_strm_V_dest_V, [5 x i8]* @p_str1805, i32 0, i32 0, i32 0, i32 0, [14 x i8]* @p_str1808, [1 x i8]* @p_str1807, [1 x i8]* @p_str1807, i32 0, i32 0, i32 0, i32 0, [1 x i8]* @p_str1807) nounwind

ST_1: stg_18 [1/1] 0.00ns
entry:12  call void (...)* @_ssdm_op_SpecInterface(i10* %img_rows_V, [8 x i8]* @ap_fifo_str, i32 0, i32 0, i32 0, i32 0, [1 x i8]* @p_str, [1 x i8]* @p_str, [1 x i8]* @p_str, i32 2, i32 2, i32 16, i32 16, [1 x i8]* @p_str)

ST_1: stg_19 [1/1] 0.00ns
entry:13  call void (...)* @_ssdm_op_SpecInterface(i11* %img_cols_V, [8 x i8]* @ap_fifo_str, i32 0, i32 0, i32 0, i32 0, [1 x i8]* @p_str, [1 x i8]* @p_str, [1 x i8]* @p_str, i32 2, i32 2, i32 16, i32 16, [1 x i8]* @p_str)

ST_1: stg_20 [1/1] 0.00ns
entry:14  call void (...)* @_ssdm_op_SpecInterface(i32* %AXI_video_strm_V_data_V, i4* %AXI_video_strm_V_keep_V, i4* %AXI_video_strm_V_strb_V, i1* %AXI_video_strm_V_user_V, i1* %AXI_video_strm_V_last_V, i1* %AXI_video_strm_V_id_V, i1* %AXI_video_strm_V_dest_V, [5 x i8]* @p_str1805, i32 0, i32 0, i32 0, i32 0, [14 x i8]* @p_str1808, [1 x i8]* @p_str1807, [1 x i8]* @p_str1807, i32 0, i32 0, i32 0, i32 0, [1 x i8]* @p_str1807) nounwind

ST_1: img_rows_V_read [1/1] 4.63ns
entry:15  %img_rows_V_read = call i10 @_ssdm_op_Read.ap_fifo.i10P(i10* %img_rows_V)

ST_1: img_cols_V_read [1/1] 4.63ns
entry:16  %img_cols_V_read = call i11 @_ssdm_op_Read.ap_fifo.i11P(i11* %img_cols_V)

ST_1: r_V [1/1] 1.84ns
entry:17  %r_V = add i11 %img_cols_V_read, -1

ST_1: stg_24 [1/1] 1.57ns
entry:18  store i1 true, i1* %tmp_user_V

ST_1: stg_25 [1/1] 1.57ns
entry:19  br label %.preheader.i


 <State 2>: 3.44ns
ST_2: p_i [1/1] 0.00ns
.preheader.i:0  %p_i = phi i9 [ %i_V, %2 ], [ 0, %entry ]

ST_2: p_cast_cast_i [1/1] 0.00ns
.preheader.i:1  %p_cast_cast_i = zext i9 %p_i to i10

ST_2: exitcond4_i [1/1] 2.07ns
.preheader.i:2  %exitcond4_i = icmp eq i10 %p_cast_cast_i, %img_rows_V_read

ST_2: stg_29 [1/1] 0.00ns
.preheader.i:3  call void (...)* @_ssdm_op_SpecLoopTripCount(i64 0, i64 480, i64 0)

ST_2: i_V [1/1] 1.84ns
.preheader.i:4  %i_V = add i9 %p_i, 1

ST_2: stg_31 [1/1] 0.00ns
.preheader.i:5  br i1 %exitcond4_i, label %.exit, label %0

ST_2: stg_32 [1/1] 0.00ns
:0  call void (...)* @_ssdm_op_SpecLoopName([12 x i8]* @p_str1816) nounwind

ST_2: tmp_i [1/1] 0.00ns
:1  %tmp_i = call i32 (...)* @_ssdm_op_SpecRegionBegin([12 x i8]* @p_str1816)

ST_2: stg_34 [1/1] 1.57ns
:2  br label %1

ST_2: stg_35 [1/1] 0.00ns
.exit:0  ret void


 <State 3>: 3.48ns
ST_3: p_3_i [1/1] 0.00ns
:0  %p_3_i = phi i10 [ 0, %0 ], [ %j_V, %"operator>>.exit.i" ]

ST_3: p_3_cast_cast_i [1/1] 0.00ns
:1  %p_3_cast_cast_i = zext i10 %p_3_i to i11

ST_3: exitcond5_i [1/1] 2.11ns
:2  %exitcond5_i = icmp eq i11 %p_3_cast_cast_i, %img_cols_V_read

ST_3: stg_39 [1/1] 0.00ns
:3  call void (...)* @_ssdm_op_SpecLoopTripCount(i64 0, i64 640, i64 0)

ST_3: j_V [1/1] 1.84ns
:4  %j_V = add i10 %p_3_i, 1

ST_3: stg_41 [1/1] 0.00ns
:5  br i1 %exitcond5_i, label %2, label %"operator>>.exit.i"

ST_3: axi_last_V [1/1] 2.11ns
operator>>.exit.i:4  %axi_last_V = icmp eq i11 %p_3_cast_cast_i, %r_V


 <State 4>: 4.63ns
ST_4: tmp_user_V_load [1/1] 0.00ns
operator>>.exit.i:0  %tmp_user_V_load = load i1* %tmp_user_V

ST_4: stg_44 [1/1] 0.00ns
operator>>.exit.i:1  call void (...)* @_ssdm_op_SpecLoopName([11 x i8]* @p_str1817) nounwind

ST_4: tmp_148_i [1/1] 0.00ns
operator>>.exit.i:2  %tmp_148_i = call i32 (...)* @_ssdm_op_SpecRegionBegin([11 x i8]* @p_str1817)

ST_4: stg_46 [1/1] 0.00ns
operator>>.exit.i:3  call void (...)* @_ssdm_op_SpecPipeline(i32 1, i32 1, i32 1, i32 0, [1 x i8]* @p_str1807) nounwind

ST_4: tmp_149_i [1/1] 0.00ns
operator>>.exit.i:5  %tmp_149_i = call i32 (...)* @_ssdm_op_SpecRegionBegin([13 x i8]* @p_str1821)

ST_4: stg_48 [1/1] 0.00ns
operator>>.exit.i:6  call void (...)* @_ssdm_op_SpecProtocol(i32 0, [1 x i8]* @p_str1807) nounwind

ST_4: tmp_103 [1/1] 4.63ns
operator>>.exit.i:7  %tmp_103 = call i8 @_ssdm_op_Read.ap_fifo.volatile.i8P(i8* %img_data_stream_0_V)

ST_4: tmp_104 [1/1] 4.63ns
operator>>.exit.i:8  %tmp_104 = call i8 @_ssdm_op_Read.ap_fifo.volatile.i8P(i8* %img_data_stream_1_V)

ST_4: tmp_105 [1/1] 4.63ns
operator>>.exit.i:9  %tmp_105 = call i8 @_ssdm_op_Read.ap_fifo.volatile.i8P(i8* %img_data_stream_2_V)

ST_4: tmp [1/1] 4.63ns
operator>>.exit.i:10  %tmp = call i8 @_ssdm_op_Read.ap_fifo.volatile.i8P(i8* %img_data_stream_3_V)

ST_4: empty [1/1] 0.00ns
operator>>.exit.i:11  %empty = call i32 (...)* @_ssdm_op_SpecRegionEnd([13 x i8]* @p_str1821, i32 %tmp_149_i)

ST_4: tmp_data_V [1/1] 0.00ns
operator>>.exit.i:12  %tmp_data_V = call i32 @_ssdm_op_BitConcatenate.i32.i8.i8.i8.i8(i8 %tmp, i8 %tmp_105, i8 %tmp_104, i8 %tmp_103)

ST_4: stg_55 [1/1] 0.00ns
operator>>.exit.i:13  call void @_ssdm_op_Write.axis.volatile.i32P.i4P.i4P.i1P.i1P.i1P.i1P(i32* %AXI_video_strm_V_data_V, i4* %AXI_video_strm_V_keep_V, i4* %AXI_video_strm_V_strb_V, i1* %AXI_video_strm_V_user_V, i1* %AXI_video_strm_V_last_V, i1* %AXI_video_strm_V_id_V, i1* %AXI_video_strm_V_dest_V, i32 %tmp_data_V, i4 -1, i4 undef, i1 %tmp_user_V_load, i1 %axi_last_V, i1 undef, i1 undef)

ST_4: empty_134 [1/1] 0.00ns
operator>>.exit.i:14  %empty_134 = call i32 (...)* @_ssdm_op_SpecRegionEnd([11 x i8]* @p_str1817, i32 %tmp_148_i)

ST_4: stg_57 [1/1] 1.57ns
operator>>.exit.i:15  store i1 false, i1* %tmp_user_V

ST_4: stg_58 [1/1] 0.00ns
operator>>.exit.i:16  br label %1


 <State 5>: 0.00ns
ST_5: empty_135 [1/1] 0.00ns
:0  %empty_135 = call i32 (...)* @_ssdm_op_SpecRegionEnd([12 x i8]* @p_str1816, i32 %tmp_i)

ST_5: stg_60 [1/1] 0.00ns
:1  br label %.preheader.i



============================================================
+ Verbose Summary: Timing violations
============================================================
Target clock period: 20ns, clock uncertainty: 2.5ns.

 No timing violations. 


============================================================
+ Verbose Summary: Binding
============================================================
N/A
* FSMD analyzer results:
  - Output states:
 - Input state : 
  - Chain level:
	State 1
	State 2
	State 3
	State 4
	State 5


============================================================
+ Verbose Summary: Datapath Resource usage 
============================================================
N/A
