

================================================================
== Vivado HLS Report for 'filt_Mat2AXIvideo'
================================================================
* Date:           Fri Aug 26 09:20:28 2016

* Version:        2016.2 (Build 1577090 on Thu Jun 02 16:59:10 MDT 2016)
* Project:        filt_hls_proj
* Solution:       solution1
* Product family: zynq
* Target device:  xc7z010clg400-1


================================================================
== Performance Estimates
================================================================
+ Timing (ns): 
    * Summary: 
    +--------+-------+----------+------------+
    |  Clock | Target| Estimated| Uncertainty|
    +--------+-------+----------+------------+
    |ap_clk  |  20.00|      6.47|        2.50|
    +--------+-------+----------+------------+

+ Latency (clock cycles): 
    * Summary: 
    +-----+--------+-----+--------+---------+
    |    Latency   |   Interval   | Pipeline|
    | min |   max  | min |   max  |   Type  |
    +-----+--------+-----+--------+---------+
    |    1|  308641|    1|  308641|   none  |
    +-----+--------+-----+--------+---------+

    + Detail: 
        * Instance: 
        N/A

        * Loop: 
        +---------------+-----+--------+----------+-----------+-----------+---------+----------+
        |               |    Latency   | Iteration|  Initiation Interval  |   Trip  |          |
        |   Loop Name   | min |   max  |  Latency |  achieved |   target  |  Count  | Pipelined|
        +---------------+-----+--------+----------+-----------+-----------+---------+----------+
        |- loop_height  |    0|  308640|  3 ~ 643 |          -|          -| 0 ~ 480 |    no    |
        | + loop_width  |    0|     640|         2|          1|          1| 0 ~ 640 |    yes   |
        +---------------+-----+--------+----------+-----------+-----------+---------+----------+



================================================================
== Utilization Estimates
================================================================
* Summary: 
+-----------------+---------+-------+-------+-------+
|       Name      | BRAM_18K| DSP48E|   FF  |  LUT  |
+-----------------+---------+-------+-------+-------+
|DSP              |        -|      -|      -|      -|
|Expression       |        -|      -|      0|     44|
|FIFO             |        -|      -|      -|      -|
|Instance         |        -|      -|      -|      -|
|Memory           |        -|      -|      -|      -|
|Multiplexer      |        -|      -|      -|     28|
|Register         |        -|      -|     71|      -|
+-----------------+---------+-------+-------+-------+
|Total            |        0|      0|     71|     72|
+-----------------+---------+-------+-------+-------+
|Available        |      120|     80|  35200|  17600|
+-----------------+---------+-------+-------+-------+
|Utilization (%)  |        0|      0|   ~0  |   ~0  |
+-----------------+---------+-------+-------+-------+

+ Detail: 
    * Instance: 
    N/A

    * DSP48: 
    N/A

    * Memory: 
    N/A

    * FIFO: 
    N/A

    * Expression: 
    +-----------------------+----------+-------+---+----+------------+------------+
    |     Variable Name     | Operation| DSP48E| FF| LUT| Bitwidth P0| Bitwidth P1|
    +-----------------------+----------+-------+---+----+------------+------------+
    |i_V_fu_211_p2          |     +    |      0|  0|   9|           9|           1|
    |j_V_fu_226_p2          |     +    |      0|  0|  10|          10|           1|
    |r_V_fu_191_p2          |     +    |      0|  0|  11|          11|           2|
    |axi_last_V_fu_232_p2   |   icmp   |      0|  0|   4|          11|          11|
    |exitcond4_i_fu_206_p2  |   icmp   |      0|  0|   4|          10|          10|
    |exitcond5_i_fu_221_p2  |   icmp   |      0|  0|   4|          11|          11|
    |ap_sig_129             |    or    |      0|  0|   1|           1|           1|
    |ap_sig_99              |    or    |      0|  0|   1|           1|           1|
    +-----------------------+----------+-------+---+----+------------+------------+
    |Total                  |          |      0|  0|  44|          64|          38|
    +-----------------------+----------+-------+---+----+------------+------------+

    * Multiplexer: 
    +-------------------------------+----+-----------+-----+-----------+
    |              Name             | LUT| Input Size| Bits| Total Bits|
    +-------------------------------+----+-----------+-----+-----------+
    |ap_NS_fsm                      |   1|          5|    1|          5|
    |ap_sig_ioackin_dst_axi_TREADY  |   1|          2|    1|          2|
    |dst_axi_TDATA_blk_n            |   1|          2|    1|          2|
    |img_cols_V_blk_n               |   1|          2|    1|          2|
    |img_data_stream_0_V_blk_n      |   1|          2|    1|          2|
    |img_data_stream_1_V_blk_n      |   1|          2|    1|          2|
    |img_data_stream_2_V_blk_n      |   1|          2|    1|          2|
    |img_data_stream_3_V_blk_n      |   1|          2|    1|          2|
    |img_rows_V_blk_n               |   1|          2|    1|          2|
    |p_3_i_reg_180                  |  10|          2|   10|         20|
    |p_i_reg_169                    |   9|          2|    9|         18|
    +-------------------------------+----+-----------+-----+-----------+
    |Total                          |  28|         25|   28|         59|
    +-------------------------------+----+-----------+-----+-----------+

    * Register: 
    +-------------------------------+----+----+-----+-----------+
    |              Name             | FF | LUT| Bits| Const Bits|
    +-------------------------------+----+----+-----+-----------+
    |ap_CS_fsm                      |   4|   0|    4|          0|
    |ap_done_reg                    |   1|   0|    1|          0|
    |ap_reg_ioackin_dst_axi_TREADY  |   1|   0|    1|          0|
    |ap_reg_ppiten_pp0_it0          |   1|   0|    1|          0|
    |ap_reg_ppiten_pp0_it1          |   1|   0|    1|          0|
    |axi_last_V_reg_299             |   1|   0|    1|          0|
    |exitcond5_i_reg_290            |   1|   0|    1|          0|
    |i_V_reg_285                    |   9|   0|    9|          0|
    |img_cols_V_read_reg_271        |  11|   0|   11|          0|
    |img_rows_V_read_reg_266        |  10|   0|   10|          0|
    |p_3_i_reg_180                  |  10|   0|   10|          0|
    |p_i_reg_169                    |   9|   0|    9|          0|
    |r_V_reg_276                    |  11|   0|   11|          0|
    |tmp_user_V_fu_100              |   1|   0|    1|          0|
    +-------------------------------+----+----+-----+-----------+
    |Total                          |  71|   0|   71|          0|
    +-------------------------------+----+----+-----+-----------+



================================================================
== Interface
================================================================
* Summary: 
+-----------------------------+-----+-----+------------+-------------------------+--------------+
|          RTL Ports          | Dir | Bits|  Protocol  |      Source Object      |    C Type    |
+-----------------------------+-----+-----+------------+-------------------------+--------------+
|ap_clk                       |  in |    1| ap_ctrl_hs |    filt_Mat2AXIvideo    | return value |
|ap_rst                       |  in |    1| ap_ctrl_hs |    filt_Mat2AXIvideo    | return value |
|ap_start                     |  in |    1| ap_ctrl_hs |    filt_Mat2AXIvideo    | return value |
|ap_done                      | out |    1| ap_ctrl_hs |    filt_Mat2AXIvideo    | return value |
|ap_continue                  |  in |    1| ap_ctrl_hs |    filt_Mat2AXIvideo    | return value |
|ap_idle                      | out |    1| ap_ctrl_hs |    filt_Mat2AXIvideo    | return value |
|ap_ready                     | out |    1| ap_ctrl_hs |    filt_Mat2AXIvideo    | return value |
|img_rows_V_dout              |  in |   10|   ap_fifo  |        img_rows_V       |    pointer   |
|img_rows_V_empty_n           |  in |    1|   ap_fifo  |        img_rows_V       |    pointer   |
|img_rows_V_read              | out |    1|   ap_fifo  |        img_rows_V       |    pointer   |
|img_cols_V_dout              |  in |   11|   ap_fifo  |        img_cols_V       |    pointer   |
|img_cols_V_empty_n           |  in |    1|   ap_fifo  |        img_cols_V       |    pointer   |
|img_cols_V_read              | out |    1|   ap_fifo  |        img_cols_V       |    pointer   |
|img_data_stream_0_V_dout     |  in |    8|   ap_fifo  |   img_data_stream_0_V   |    pointer   |
|img_data_stream_0_V_empty_n  |  in |    1|   ap_fifo  |   img_data_stream_0_V   |    pointer   |
|img_data_stream_0_V_read     | out |    1|   ap_fifo  |   img_data_stream_0_V   |    pointer   |
|img_data_stream_1_V_dout     |  in |    8|   ap_fifo  |   img_data_stream_1_V   |    pointer   |
|img_data_stream_1_V_empty_n  |  in |    1|   ap_fifo  |   img_data_stream_1_V   |    pointer   |
|img_data_stream_1_V_read     | out |    1|   ap_fifo  |   img_data_stream_1_V   |    pointer   |
|img_data_stream_2_V_dout     |  in |    8|   ap_fifo  |   img_data_stream_2_V   |    pointer   |
|img_data_stream_2_V_empty_n  |  in |    1|   ap_fifo  |   img_data_stream_2_V   |    pointer   |
|img_data_stream_2_V_read     | out |    1|   ap_fifo  |   img_data_stream_2_V   |    pointer   |
|img_data_stream_3_V_dout     |  in |    8|   ap_fifo  |   img_data_stream_3_V   |    pointer   |
|img_data_stream_3_V_empty_n  |  in |    1|   ap_fifo  |   img_data_stream_3_V   |    pointer   |
|img_data_stream_3_V_read     | out |    1|   ap_fifo  |   img_data_stream_3_V   |    pointer   |
|dst_axi_TDATA                | out |   32|    axis    | AXI_video_strm_V_data_V |    pointer   |
|dst_axi_TVALID               | out |    1|    axis    | AXI_video_strm_V_dest_V |    pointer   |
|dst_axi_TREADY               |  in |    1|    axis    | AXI_video_strm_V_dest_V |    pointer   |
|dst_axi_TDEST                | out |    1|    axis    | AXI_video_strm_V_dest_V |    pointer   |
|dst_axi_TKEEP                | out |    4|    axis    | AXI_video_strm_V_keep_V |    pointer   |
|dst_axi_TSTRB                | out |    4|    axis    | AXI_video_strm_V_strb_V |    pointer   |
|dst_axi_TUSER                | out |    1|    axis    | AXI_video_strm_V_user_V |    pointer   |
|dst_axi_TLAST                | out |    1|    axis    | AXI_video_strm_V_last_V |    pointer   |
|dst_axi_TID                  | out |    1|    axis    |  AXI_video_strm_V_id_V  |    pointer   |
+-----------------------------+-----+-----+------------+-------------------------+--------------+

